services:
    job-02c6a6eb-92ae-49d5-8743-1dded645d705:
      image: alpine
      command: -c /etc/job/run.sh
      restart: no
      user: 10000:10000
      deploy:
        resources:
          limits:
            cpus: 0.5
            memory: 500M
      volumes:
        - TestData/02c6a6eb-92ae-49d5-8743-1dded645d705/run.sh:/etc/job/run.sh
        - TestData/02c6a6eb-92ae-49d5-8743-1dded645d705/stdout.txt:/dev/stdout
        - TestData/02c6a6eb-92ae-49d5-8743-1dded645d705/stderr.txt:/dev/stderr
