services:
    job-02c6a6eb-92ae-49d5-8743-1dded645d705:
      image: alpine
      entrypoint: /bin/sh
      command: -c "/bin/sh /etc/job/run.sh 1>/dev/stdout 2>/dev/stderr"
      restart: no
      user: 10000:10000
      deploy:
        resources:
          limits:
            cpus: 0.5
            memory: 500M
      volumes:
        - <JOB-DIR>/02c6a6eb-92ae-49d5-8743-1dded645d705/run.sh:/etc/job/run.sh
        - <JOB-DIR>/02c6a6eb-92ae-49d5-8743-1dded645d705/stdout.txt:/dev/stdout
        - <JOB-DIR>/02c6a6eb-92ae-49d5-8743-1dded645d705/stderr.txt:/dev/stderr
